Archive member included to satisfy reference by file (symbol)

/opt/gcc/gcc-arm-none-eabi-6-2017/bin/../lib/gcc/arm-none-eabi/6.3.1/../../../../arm-none-eabi/lib/thumb/v7e-m/fpv4-sp/hard/libc_nano.a(lib_a-exit.o)
                              /opt/gcc/gcc-arm-none-eabi-6-2017/bin/../lib/gcc/arm-none-eabi/6.3.1/../../../../arm-none-eabi/lib/thumb/v7e-m/fpv4-sp/hard/crt0.o (exit)
/opt/gcc/gcc-arm-none-eabi-6-2017/bin/../lib/gcc/arm-none-eabi/6.3.1/../../../../arm-none-eabi/lib/thumb/v7e-m/fpv4-sp/hard/libc_nano.a(lib_a-impure.o)
                              /opt/gcc/gcc-arm-none-eabi-6-2017/bin/../lib/gcc/arm-none-eabi/6.3.1/../../../../arm-none-eabi/lib/thumb/v7e-m/fpv4-sp/hard/libc_nano.a(lib_a-exit.o) (_global_impure_ptr)
/opt/gcc/gcc-arm-none-eabi-6-2017/bin/../lib/gcc/arm-none-eabi/6.3.1/../../../../arm-none-eabi/lib/thumb/v7e-m/fpv4-sp/hard/libc_nano.a(lib_a-init.o)
                              /opt/gcc/gcc-arm-none-eabi-6-2017/bin/../lib/gcc/arm-none-eabi/6.3.1/../../../../arm-none-eabi/lib/thumb/v7e-m/fpv4-sp/hard/crt0.o (__libc_init_array)
/opt/gcc/gcc-arm-none-eabi-6-2017/bin/../lib/gcc/arm-none-eabi/6.3.1/../../../../arm-none-eabi/lib/thumb/v7e-m/fpv4-sp/hard/libc_nano.a(lib_a-memset.o)
                              /opt/gcc/gcc-arm-none-eabi-6-2017/bin/../lib/gcc/arm-none-eabi/6.3.1/../../../../arm-none-eabi/lib/thumb/v7e-m/fpv4-sp/hard/crt0.o (memset)
/opt/gcc/gcc-arm-none-eabi-6-2017/bin/../lib/gcc/arm-none-eabi/6.3.1/../../../../arm-none-eabi/lib/thumb/v7e-m/fpv4-sp/hard/libnosys.a(_exit.o)
                              /opt/gcc/gcc-arm-none-eabi-6-2017/bin/../lib/gcc/arm-none-eabi/6.3.1/../../../../arm-none-eabi/lib/thumb/v7e-m/fpv4-sp/hard/libc_nano.a(lib_a-exit.o) (_exit)
/opt/gcc/gcc-arm-none-eabi-6-2017/bin/../lib/gcc/arm-none-eabi/6.3.1/../../../../arm-none-eabi/lib/thumb/v7e-m/fpv4-sp/hard/libc_nano.a(lib_a-memcpy-stub.o)
                              _build/nrf52832_xxaa_app_scheduler.c.o (memcpy)
/opt/gcc/gcc-arm-none-eabi-6-2017/bin/../lib/gcc/arm-none-eabi/6.3.1/../../../../arm-none-eabi/lib/thumb/v7e-m/fpv4-sp/hard/libc_nano.a(lib_a-strcpy.o)
                              _build/nrf52832_xxaa_SEGGER_RTT.c.o (strcpy)
/opt/gcc/gcc-arm-none-eabi-6-2017/bin/../lib/gcc/arm-none-eabi/6.3.1/../../../../arm-none-eabi/lib/thumb/v7e-m/fpv4-sp/hard/libc_nano.a(lib_a-strlen.o)
                              _build/nrf52832_xxaa_SEGGER_RTT.c.o (strlen)

Allocating common symbols
Common symbol       size              file

_SEGGER_RTT         0x78              _build/nrf52832_xxaa_SEGGER_RTT.c.o

Discarded input sections

 .text          0x0000000000000000        0x0 /opt/gcc/gcc-arm-none-eabi-6-2017/bin/../lib/gcc/arm-none-eabi/6.3.1/thumb/v7e-m/fpv4-sp/hard/crti.o
 .data          0x0000000000000000        0x0 /opt/gcc/gcc-arm-none-eabi-6-2017/bin/../lib/gcc/arm-none-eabi/6.3.1/thumb/v7e-m/fpv4-sp/hard/crti.o
 .bss           0x0000000000000000        0x0 /opt/gcc/gcc-arm-none-eabi-6-2017/bin/../lib/gcc/arm-none-eabi/6.3.1/thumb/v7e-m/fpv4-sp/hard/crti.o
 .data          0x0000000000000000        0x4 /opt/gcc/gcc-arm-none-eabi-6-2017/bin/../lib/gcc/arm-none-eabi/6.3.1/thumb/v7e-m/fpv4-sp/hard/crtbegin.o
 .data          0x0000000000000000        0x0 /opt/gcc/gcc-arm-none-eabi-6-2017/bin/../lib/gcc/arm-none-eabi/6.3.1/../../../../arm-none-eabi/lib/thumb/v7e-m/fpv4-sp/hard/crt0.o
 .bss           0x0000000000000000        0x0 /opt/gcc/gcc-arm-none-eabi-6-2017/bin/../lib/gcc/arm-none-eabi/6.3.1/../../../../arm-none-eabi/lib/thumb/v7e-m/fpv4-sp/hard/crt0.o
 .ARM.extab     0x0000000000000000        0x0 /opt/gcc/gcc-arm-none-eabi-6-2017/bin/../lib/gcc/arm-none-eabi/6.3.1/../../../../arm-none-eabi/lib/thumb/v7e-m/fpv4-sp/hard/crt0.o
 .text          0x0000000000000000        0x0 /opt/gcc/gcc-arm-none-eabi-6-2017/bin/../lib/gcc/arm-none-eabi/6.3.1/../../../../arm-none-eabi/lib/thumb/v7e-m/fpv4-sp/hard/libc_nano.a(lib_a-exit.o)
 .data          0x0000000000000000        0x0 /opt/gcc/gcc-arm-none-eabi-6-2017/bin/../lib/gcc/arm-none-eabi/6.3.1/../../../../arm-none-eabi/lib/thumb/v7e-m/fpv4-sp/hard/libc_nano.a(lib_a-exit.o)
 .bss           0x0000000000000000        0x0 /opt/gcc/gcc-arm-none-eabi-6-2017/bin/../lib/gcc/arm-none-eabi/6.3.1/../../../../arm-none-eabi/lib/thumb/v7e-m/fpv4-sp/hard/libc_nano.a(lib_a-exit.o)
 .text          0x0000000000000000        0x0 /opt/gcc/gcc-arm-none-eabi-6-2017/bin/../lib/gcc/arm-none-eabi/6.3.1/../../../../arm-none-eabi/lib/thumb/v7e-m/fpv4-sp/hard/libc_nano.a(lib_a-impure.o)
 .data          0x0000000000000000        0x0 /opt/gcc/gcc-arm-none-eabi-6-2017/bin/../lib/gcc/arm-none-eabi/6.3.1/../../../../arm-none-eabi/lib/thumb/v7e-m/fpv4-sp/hard/libc_nano.a(lib_a-impure.o)
 .bss           0x0000000000000000        0x0 /opt/gcc/gcc-arm-none-eabi-6-2017/bin/../lib/gcc/arm-none-eabi/6.3.1/../../../../arm-none-eabi/lib/thumb/v7e-m/fpv4-sp/hard/libc_nano.a(lib_a-impure.o)
 .data._impure_ptr
[...]
Memory Configuration

Name             Origin             Length             Attributes
FLASH            0x0000000000000000 0x0000000000080000 xr
RAM              0x0000000020000000 0x0000000000010000 xrw
*default*        0x0000000000000000 0xffffffffffffffff

Linker script and memory map


.text           0x0000000000000000     0x1270
 *(.isr_vector)
 .isr_vector    0x0000000000000000      0x200 _build/nrf52832_xxaa_gcc_startup_nrf52.S.o
                0x0000000000000000                __isr_vector
 *(.text*)
 .text          0x0000000000000200       0x6c /opt/gcc/gcc-arm-none-eabi-6-2017/bin/../lib/gcc/arm-none-eabi/6.3.1/thumb/v7e-m/fpv4-sp/hard/crtbegin.o
 .text          0x000000000000026c       0x74 /opt/gcc/gcc-arm-none-eabi-6-2017/bin/../lib/gcc/arm-none-eabi/6.3.1/../../../../arm-none-eabi/lib/thumb/v7e-m/fpv4-sp/hard/crt0.o
                0x000000000000026c                _mainCRTStartup
                0x000000000000026c                _start
 .text.exit     0x00000000000002e0       0x28 /opt/gcc/gcc-arm-none-eabi-6-2017/bin/../lib/gcc/arm-none-eabi/6.3.1/../../../../arm-none-eabi/lib/thumb/v7e-m/fpv4-sp/hard/libc_nano.a(lib_a-exit.o)
                0x00000000000002e0                exit
 .text.__libc_init_array
                0x0000000000000308       0x48 /opt/gcc/gcc-arm-none-eabi-6-2017/bin/../lib/gcc/arm-none-eabi/6.3.1/../../../../arm-none-eabi/lib/thumb/v7e-m/fpv4-sp/hard/libc_nano.a(lib_a-init.o)
                0x0000000000000308                __libc_init_array
 .text.memset   0x0000000000000350       0x10 /opt/gcc/gcc-arm-none-eabi-6-2017/bin/../lib/gcc/arm-none-eabi/6.3.1/../../../../arm-none-eabi/lib/thumb/v7e-m/fpv4-sp/hard/libc_nano.a(lib_a-memset.o)
                0x0000000000000350                memset
 .text._exit    0x0000000000000360        0x4 /opt/gcc/gcc-arm-none-eabi-6-2017/bin/../lib/gcc/arm-none-eabi/6.3.1/../../../../arm-none-eabi/lib/thumb/v7e-m/fpv4-sp/hard/libnosys.a(_exit.o)
                0x0000000000000360                _exit
 .text.bsp_board_led_invert
                0x0000000000000364       0x24 _build/nrf52832_xxaa_boards.c.o
                0x0000000000000364                bsp_board_led_invert
 .text.bsp_board_leds_init
                0x0000000000000388       0x3c _build/nrf52832_xxaa_boards.c.o
                0x0000000000000388                bsp_board_leds_init
 .text.RTC1_IRQHandler
                0x00000000000003c4       0xa0 _build/nrf52832_xxaa_app_timer.c.o
                0x00000000000003c4                RTC1_IRQHandler
 .text.SWI0_EGU0_IRQHandler
                0x0000000000000464      0x654 _build/nrf52832_xxaa_app_timer.c.o
                0x0000000000000464                SWI0_EGU0_IRQHandler
 .text.POWER_CLOCK_IRQHandler
                0x0000000000000ab8       0x78 _build/nrf52832_xxaa_nrf_drv_clock.c.o
                0x0000000000000ab8                POWER_CLOCK_IRQHandler
 .text.UARTE0_UART0_IRQHandler
                0x0000000000000b30      0x2f4 _build/nrf52832_xxaa_nrf_drv_uart.c.o
                0x0000000000000b30                UARTE0_UART0_IRQHandler
 .text.startup.main
                0x0000000000000e24       0xa4 _build/nrf52832_xxaa_main.c.o
                0x0000000000000e24                main
 .text          0x0000000000000ec8       0x3c _build/nrf52832_xxaa_gcc_startup_nrf52.S.o
                0x0000000000000ec8                Reset_Handler
                0x0000000000000ef0                NMI_Handler
                0x0000000000000ef2                HardFault_Handler
                0x0000000000000ef4                MemoryManagement_Handler
                0x0000000000000ef6                BusFault_Handler
                0x0000000000000ef8                UsageFault_Handler
                0x0000000000000efa                SVC_Handler
                0x0000000000000efc                DebugMon_Handler
                0x0000000000000efe                PendSV_Handler
                0x0000000000000f00                SysTick_Handler
                0x0000000000000f02                TIMER2_IRQHandler
                0x0000000000000f02                RTC0_IRQHandler
                0x0000000000000f02                SWI2_EGU2_IRQHandler
                0x0000000000000f02                GPIOTE_IRQHandler
                0x0000000000000f02                PWM1_IRQHandler
                0x0000000000000f02                RADIO_IRQHandler
                0x0000000000000f02                PDM_IRQHandler
                0x0000000000000f02                TEMP_IRQHandler
                0x0000000000000f02                QDEC_IRQHandler
                0x0000000000000f02                TIMER3_IRQHandler
                0x0000000000000f02                FPU_IRQHandler
                0x0000000000000f02                SPIM0_SPIS0_TWIM0_TWIS0_SPI0_TWI0_IRQHandler
                0x0000000000000f02                TIMER4_IRQHandler
                0x0000000000000f02                I2S_IRQHandler
                0x0000000000000f02                SWI4_EGU4_IRQHandler
                0x0000000000000f02                TIMER0_IRQHandler
                0x0000000000000f02                TIMER1_IRQHandler
                0x0000000000000f02                PWM2_IRQHandler
                0x0000000000000f02                ECB_IRQHandler
                0x0000000000000f02                SPIM1_SPIS1_TWIM1_TWIS1_SPI1_TWI1_IRQHandler
                0x0000000000000f02                Default_Handler
                0x0000000000000f02                SAADC_IRQHandler
                0x0000000000000f02                CCM_AAR_IRQHandler
                0x0000000000000f02                WDT_IRQHandler
                0x0000000000000f02                SWI5_EGU5_IRQHandler
                0x0000000000000f02                RNG_IRQHandler
                0x0000000000000f02                RTC2_IRQHandler
                0x0000000000000f02                PWM0_IRQHandler
                0x0000000000000f02                SWI3_EGU3_IRQHandler
                0x0000000000000f02                SWI1_EGU1_IRQHandler
                0x0000000000000f02                SPIM2_SPIS2_SPI2_IRQHandler
                0x0000000000000f02                NFCT_IRQHandler
                0x0000000000000f02                MWU_IRQHandler
                0x0000000000000f02                COMP_LPCOMP_IRQHandler
 .text.SystemInit
                0x0000000000000f04      0x348 _build/nrf52832_xxaa_system_nrf52.c.o
                0x0000000000000f04                SystemInit
 *(.init)
 .init          0x000000000000124c        0x4 /opt/gcc/gcc-arm-none-eabi-6-2017/bin/../lib/gcc/arm-none-eabi/6.3.1/thumb/v7e-m/fpv4-sp/hard/crti.o
                0x000000000000124c                _init
 .init          0x0000000000001250        0x8 /opt/gcc/gcc-arm-none-eabi-6-2017/bin/../lib/gcc/arm-none-eabi/6.3.1/thumb/v7e-m/fpv4-sp/hard/crtn.o
 *(.fini)
 .fini          0x0000000000001258        0x4 /opt/gcc/gcc-arm-none-eabi-6-2017/bin/../lib/gcc/arm-none-eabi/6.3.1/thumb/v7e-m/fpv4-sp/hard/crti.o
                0x0000000000001258                _fini
 .fini          0x000000000000125c        0x8 /opt/gcc/gcc-arm-none-eabi-6-2017/bin/../lib/gcc/arm-none-eabi/6.3.1/thumb/v7e-m/fpv4-sp/hard/crtn.o
 *crtbegin.o(.ctors)
 *crtbegin?.o(.ctors)
 *(EXCLUDE_FILE(*crtend.o *crtend?.o) .ctors)
 *(SORT(.ctors.*))
 *(.ctors)
 *crtbegin.o(.dtors)
 *crtbegin?.o(.dtors)
 *(EXCLUDE_FILE(*crtend.o *crtend?.o) .dtors)
 *(SORT(.dtors.*))
 *(.dtors)
 *(.rodata*)
 .rodata._global_impure_ptr
                0x0000000000001264        0x4 /opt/gcc/gcc-arm-none-eabi-6-2017/bin/../lib/gcc/arm-none-eabi/6.3.1/../../../../arm-none-eabi/lib/thumb/v7e-m/fpv4-sp/hard/libc_nano.a(lib_a-impure.o)
                0x0000000000001264                _global_impure_ptr
 .rodata.m_board_led_list
                0x0000000000001268        0x4 _build/nrf52832_xxaa_boards.c.o
 *(.eh_frame*)
 .eh_frame      0x000000000000126c        0x0 /opt/gcc/gcc-arm-none-eabi-6-2017/bin/../lib/gcc/arm-none-eabi/6.3.1/thumb/v7e-m/fpv4-sp/hard/crtbegin.o
 .eh_frame      0x000000000000126c        0x4 /opt/gcc/gcc-arm-none-eabi-6-2017/bin/../lib/gcc/arm-none-eabi/6.3.1/thumb/v7e-m/fpv4-sp/hard/crtend.o

.glue_7         0x0000000000001270        0x0
 .glue_7        0x0000000000001270        0x0 linker stubs

.glue_7t        0x0000000000001270        0x0
 .glue_7t       0x0000000000001270        0x0 linker stubs

.vfp11_veneer   0x0000000000001270        0x0
 .vfp11_veneer  0x0000000000001270        0x0 linker stubs

.v4_bx          0x0000000000001270        0x0
 .v4_bx         0x0000000000001270        0x0 linker stubs

.iplt           0x0000000000001270        0x0
 .iplt          0x0000000000001270        0x0 /opt/gcc/gcc-arm-none-eabi-6-2017/bin/../lib/gcc/arm-none-eabi/6.3.1/thumb/v7e-m/fpv4-sp/hard/crtbegin.o

.pwr_mgmt_data  0x0000000000001270        0x0
                [!provide]                        PROVIDE (__start_pwr_mgmt_data, .)
 *(SORT(.pwr_mgmt_data*))
                [!provide]                        PROVIDE (__stop_pwr_mgmt_data, .)

.ARM.extab
 *(.ARM.extab* .gnu.linkonce.armextab.*)
                0x0000000000001270                __exidx_start = .

.ARM.exidx      0x0000000000001270        0x8
 *(.ARM.exidx* .gnu.linkonce.armexidx.*)
 .ARM.exidx     0x0000000000001270        0x8 /opt/gcc/gcc-arm-none-eabi-6-2017/bin/../lib/gcc/arm-none-eabi/6.3.1/../../../../arm-none-eabi/lib/thumb/v7e-m/fpv4-sp/hard/crt0.o
                0x0000000000001278                __exidx_end = .
                0x0000000000001278                __etext = .

.rel.dyn        0x0000000000001278        0x0
 .rel.iplt      0x0000000000001278        0x0 /opt/gcc/gcc-arm-none-eabi-6-2017/bin/../lib/gcc/arm-none-eabi/6.3.1/thumb/v7e-m/fpv4-sp/hard/crtbegin.o

.data           0x0000000020000000       0x70 load address 0x0000000000001278
                0x0000000020000000                __data_start__ = .
 *(vtable)
 *(.data*)
 .data.impure_data
                0x0000000020000000       0x60 /opt/gcc/gcc-arm-none-eabi-6-2017/bin/../lib/gcc/arm-none-eabi/6.3.1/../../../../arm-none-eabi/lib/thumb/v7e-m/fpv4-sp/hard/libc_nano.a(lib_a-impure.o)
 .data.SystemCoreClock
                0x0000000020000060        0x4 _build/nrf52832_xxaa_system_nrf52.c.o
                0x0000000020000060                SystemCoreClock
                0x0000000020000064                . = ALIGN (0x4)
                0x0000000020000064                PROVIDE (__preinit_array_start, .)
 *(.preinit_array)
                0x0000000020000064                PROVIDE (__preinit_array_end, .)
                0x0000000020000064                . = ALIGN (0x4)
                0x0000000020000064                PROVIDE (__init_array_start, .)
 *(SORT(.init_array.*))
 *(.init_array)
 .init_array    0x0000000020000064        0x4 /opt/gcc/gcc-arm-none-eabi-6-2017/bin/../lib/gcc/arm-none-eabi/6.3.1/thumb/v7e-m/fpv4-sp/hard/crtbegin.o
                0x0000000020000068                PROVIDE (__init_array_end, .)
                0x0000000020000068                . = ALIGN (0x4)
                [!provide]                        PROVIDE (__fini_array_start, .)
 *(SORT(.fini_array.*))
 *(.fini_array)
 .fini_array    0x0000000020000068        0x4 /opt/gcc/gcc-arm-none-eabi-6-2017/bin/../lib/gcc/arm-none-eabi/6.3.1/thumb/v7e-m/fpv4-sp/hard/crtbegin.o
                [!provide]                        PROVIDE (__fini_array_end, .)
 *(.jcr*)
 .jcr           0x000000002000006c        0x0 /opt/gcc/gcc-arm-none-eabi-6-2017/bin/../lib/gcc/arm-none-eabi/6.3.1/thumb/v7e-m/fpv4-sp/hard/crtbegin.o
 .jcr           0x000000002000006c        0x4 /opt/gcc/gcc-arm-none-eabi-6-2017/bin/../lib/gcc/arm-none-eabi/6.3.1/thumb/v7e-m/fpv4-sp/hard/crtend.o
                0x0000000020000070                . = ALIGN (0x4)
                0x0000000020000070                __data_end__ = .
LOAD /opt/gcc/gcc-arm-none-eabi-6-2017/bin/../lib/gcc/arm-none-eabi/6.3.1/thumb/v7e-m/fpv4-sp/hard/crti.o
LOAD /opt/gcc/gcc-arm-none-eabi-6-2017/bin/../lib/gcc/arm-none-eabi/6.3.1/thumb/v7e-m/fpv4-sp/hard/crtbegin.o
LOAD /opt/gcc/gcc-arm-none-eabi-6-2017/bin/../lib/gcc/arm-none-eabi/6.3.1/../../../../arm-none-eabi/lib/thumb/v7e-m/fpv4-sp/hard/crt0.o
LOAD /opt/gcc/gcc-arm-none-eabi-6-2017/bin/../lib/gcc/arm-none-eabi/6.3.1/../../../../arm-none-eabi/lib/thumb/v7e-m/fpv4-sp/hard/libc_nano.a
LOAD /opt/gcc/gcc-arm-none-eabi-6-2017/bin/../lib/gcc/arm-none-eabi/6.3.1/../../../../arm-none-eabi/lib/thumb/v7e-m/fpv4-sp/hard/libnosys.a
LOAD _build/nrf52832_xxaa_nrf_log_backend_serial.c.o
LOAD _build/nrf52832_xxaa_nrf_log_frontend.c.o
LOAD _build/nrf52832_xxaa_boards.c.o
LOAD _build/nrf52832_xxaa_app_error.c.o
LOAD _build/nrf52832_xxaa_app_error_weak.c.o
LOAD _build/nrf52832_xxaa_app_scheduler.c.o
LOAD _build/nrf52832_xxaa_app_timer.c.o
LOAD _build/nrf52832_xxaa_app_util_platform.c.o
LOAD _build/nrf52832_xxaa_hardfault_implementation.c.o
LOAD _build/nrf52832_xxaa_nrf_assert.c.o
LOAD _build/nrf52832_xxaa_nrf_strerror.c.o
LOAD _build/nrf52832_xxaa_nrf_drv_clock.c.o
LOAD _build/nrf52832_xxaa_nrf_drv_common.c.o
LOAD _build/nrf52832_xxaa_nrf_drv_uart.c.o
LOAD _build/nrf52832_xxaa_nrf_nvic.c.o
LOAD _build/nrf52832_xxaa_nrf_soc.c.o
LOAD _build/nrf52832_xxaa_main.c.o
LOAD _build/nrf52832_xxaa_RTT_Syscalls_GCC.c.o
LOAD _build/nrf52832_xxaa_SEGGER_RTT.c.o
LOAD _build/nrf52832_xxaa_SEGGER_RTT_printf.c.o
LOAD _build/nrf52832_xxaa_gcc_startup_nrf52.S.o
LOAD _build/nrf52832_xxaa_system_nrf52.c.o
LOAD /opt/gcc/gcc-arm-none-eabi-6-2017/bin/../lib/gcc/arm-none-eabi/6.3.1/../../../../arm-none-eabi/lib/thumb/v7e-m/fpv4-sp/hard/libm.a
START GROUP
LOAD /opt/gcc/gcc-arm-none-eabi-6-2017/bin/../lib/gcc/arm-none-eabi/6.3.1/thumb/v7e-m/fpv4-sp/hard/libgcc.a
LOAD /opt/gcc/gcc-arm-none-eabi-6-2017/bin/../lib/gcc/arm-none-eabi/6.3.1/../../../../arm-none-eabi/lib/thumb/v7e-m/fpv4-sp/hard/libc_nano.a
END GROUP
START GROUP
LOAD /opt/gcc/gcc-arm-none-eabi-6-2017/bin/../lib/gcc/arm-none-eabi/6.3.1/thumb/v7e-m/fpv4-sp/hard/libgcc.a
LOAD /opt/gcc/gcc-arm-none-eabi-6-2017/bin/../lib/gcc/arm-none-eabi/6.3.1/../../../../arm-none-eabi/lib/thumb/v7e-m/fpv4-sp/hard/libc_nano.a
END GROUP
LOAD /opt/gcc/gcc-arm-none-eabi-6-2017/bin/../lib/gcc/arm-none-eabi/6.3.1/thumb/v7e-m/fpv4-sp/hard/crtend.o
LOAD /opt/gcc/gcc-arm-none-eabi-6-2017/bin/../lib/gcc/arm-none-eabi/6.3.1/thumb/v7e-m/fpv4-sp/hard/crtn.o
START GROUP
LOAD /opt/gcc/gcc-arm-none-eabi-6-2017/bin/../lib/gcc/arm-none-eabi/6.3.1/thumb/v7e-m/fpv4-sp/hard/libgcc.a
LOAD /opt/gcc/gcc-arm-none-eabi-6-2017/bin/../lib/gcc/arm-none-eabi/6.3.1/../../../../arm-none-eabi/lib/thumb/v7e-m/fpv4-sp/hard/libc.a
LOAD /opt/gcc/gcc-arm-none-eabi-6-2017/bin/../lib/gcc/arm-none-eabi/6.3.1/../../../../arm-none-eabi/lib/thumb/v7e-m/fpv4-sp/hard/libnosys.a
END GROUP

.igot.plt       0x0000000020000070        0x0 load address 0x00000000000012e8
 .igot.plt      0x0000000020000070        0x0 /opt/gcc/gcc-arm-none-eabi-6-2017/bin/../lib/gcc/arm-none-eabi/6.3.1/thumb/v7e-m/fpv4-sp/hard/crtbegin.o

.fs_data        0x0000000020000070        0x0
                [!provide]                        PROVIDE (__start_fs_data, .)
 *(.fs_data)
                [!provide]                        PROVIDE (__stop_fs_data, .)

.bss            0x0000000020000070      0x174 load address 0x00000000000012e8
                0x0000000020000070                . = ALIGN (0x4)
                0x0000000020000070                __bss_start__ = .
 *(.bss*)
 .bss           0x0000000020000070       0x1c /opt/gcc/gcc-arm-none-eabi-6-2017/bin/../lib/gcc/arm-none-eabi/6.3.1/thumb/v7e-m/fpv4-sp/hard/crtbegin.o
 .bss.m_op_queue
                0x000000002000008c      0x10c _build/nrf52832_xxaa_app_timer.c.o
 .bss.m_rtc1_reset
                0x0000000020000198        0x1 _build/nrf52832_xxaa_app_timer.c.o
 .bss.m_rtc1_running
                0x0000000020000199        0x1 _build/nrf52832_xxaa_app_timer.c.o
 *fill*         0x000000002000019a        0x2 
 .bss.m_ticks_elapsed
                0x000000002000019c        0x8 _build/nrf52832_xxaa_app_timer.c.o
 .bss.m_ticks_elapsed_q_read_ind
                0x00000000200001a4        0x1 _build/nrf52832_xxaa_app_timer.c.o
 .bss.m_ticks_elapsed_q_write_ind
                0x00000000200001a5        0x1 _build/nrf52832_xxaa_app_timer.c.o
 *fill*         0x00000000200001a6        0x2 
 .bss.m_ticks_latest
                0x00000000200001a8        0x4 _build/nrf52832_xxaa_app_timer.c.o
 .bss.mp_timer_id_head
                0x00000000200001ac        0x4 _build/nrf52832_xxaa_app_timer.c.o
 .bss.m_clock_cb
                0x00000000200001b0       0x14 _build/nrf52832_xxaa_nrf_drv_clock.c.o
 .bss.m_cb      0x00000000200001c4       0x20 _build/nrf52832_xxaa_nrf_drv_uart.c.o
 *(COMMON)
                0x00000000200001e4                . = ALIGN (0x4)
                0x00000000200001e4                __bss_end__ = .

.heap           0x00000000200001e8     0x2000
                0x00000000200001e8                __HeapBase = .
                0x00000000200001e8                __end__ = .
                [!provide]                        PROVIDE (end, .)
 *(.heap*)
 .heap          0x00000000200001e8     0x2000 _build/nrf52832_xxaa_gcc_startup_nrf52.S.o
                0x00000000200021e8                __HeapLimit = .

.stack_dummy    0x00000000200001e8     0x2000
 *(.stack*)
 .stack         0x00000000200001e8     0x2000 _build/nrf52832_xxaa_gcc_startup_nrf52.S.o
                0x0000000020010000                __StackTop = (ORIGIN (RAM) + LENGTH (RAM))
                0x000000002000e000                __StackLimit = (__StackTop - SIZEOF (.stack_dummy))
                0x0000000020010000                PROVIDE (__stack, __StackTop)
                0x0000000000000001                ASSERT ((__StackLimit >= __HeapLimit), region RAM overflowed with stack)
OUTPUT(_build/nrf52832_xxaa.out elf32-littlearm)

.ARM.attributes
                0x0000000000000000       0x30
 .ARM.attributes
                0x0000000000000000       0x22 /opt/gcc/gcc-arm-none-eabi-6-2017/bin/../lib/gcc/arm-none-eabi/6.3.1/thumb/v7e-m/fpv4-sp/hard/crti.o
 .ARM.attributes
                0x0000000000000022       0x34 /opt/gcc/gcc-arm-none-eabi-6-2017/bin/../lib/gcc/arm-none-eabi/6.3.1/thumb/v7e-m/fpv4-sp/hard/crtbegin.o
 .ARM.attributes
                0x0000000000000056       0x20 /opt/gcc/gcc-arm-none-eabi-6-2017/bin/../lib/gcc/arm-none-eabi/6.3.1/../../../../arm-none-eabi/lib/thumb/v7e-m/fpv4-sp/hard/crt0.o
 .ARM.attributes
                0x0000000000000076       0x34 /opt/gcc/gcc-arm-none-eabi-6-2017/bin/../lib/gcc/arm-none-eabi/6.3.1/../../../../arm-none-eabi/lib/thumb/v7e-m/fpv4-sp/hard/libc_nano.a(lib_a-exit.o)
 .ARM.attributes
                0x00000000000000aa       0x34 /opt/gcc/gcc-arm-none-eabi-6-2017/bin/../lib/gcc/arm-none-eabi/6.3.1/../../../../arm-none-eabi/lib/thumb/v7e-m/fpv4-sp/hard/libc_nano.a(lib_a-impure.o)
 .ARM.attributes
                0x00000000000000de       0x34 /opt/gcc/gcc-arm-none-eabi-6-2017/bin/../lib/gcc/arm-none-eabi/6.3.1/../../../../arm-none-eabi/lib/thumb/v7e-m/fpv4-sp/hard/libc_nano.a(lib_a-init.o)
 .ARM.attributes
                0x0000000000000112       0x34 /opt/gcc/gcc-arm-none-eabi-6-2017/bin/../lib/gcc/arm-none-eabi/6.3.1/../../../../arm-none-eabi/lib/thumb/v7e-m/fpv4-sp/hard/libc_nano.a(lib_a-memset.o)
 .ARM.attributes
                0x0000000000000146       0x34 /opt/gcc/gcc-arm-none-eabi-6-2017/bin/../lib/gcc/arm-none-eabi/6.3.1/../../../../arm-none-eabi/lib/thumb/v7e-m/fpv4-sp/hard/libnosys.a(_exit.o)
 .ARM.attributes
                0x000000000000017a       0x39 _build/nrf52832_xxaa_boards.c.o
 .ARM.attributes
                0x00000000000001b3       0x39 _build/nrf52832_xxaa_app_timer.c.o
 .ARM.attributes
                0x00000000000001ec       0x39 _build/nrf52832_xxaa_nrf_drv_clock.c.o
 .ARM.attributes
                0x0000000000000225       0x39 _build/nrf52832_xxaa_nrf_drv_uart.c.o
 .ARM.attributes
                0x000000000000025e       0x39 _build/nrf52832_xxaa_main.c.o
 .ARM.attributes
                0x0000000000000297       0x1c _build/nrf52832_xxaa_gcc_startup_nrf52.S.o
 .ARM.attributes
                0x00000000000002b3       0x39 _build/nrf52832_xxaa_system_nrf52.c.o
 .ARM.attributes
                0x00000000000002ec       0x34 /opt/gcc/gcc-arm-none-eabi-6-2017/bin/../lib/gcc/arm-none-eabi/6.3.1/thumb/v7e-m/fpv4-sp/hard/crtend.o
 .ARM.attributes
                0x0000000000000320       0x22 /opt/gcc/gcc-arm-none-eabi-6-2017/bin/../lib/gcc/arm-none-eabi/6.3.1/thumb/v7e-m/fpv4-sp/hard/crtn.o

.comment        0x0000000000000000       0x7f
 .comment       0x0000000000000000       0x7f _build/nrf52832_xxaa_boards.c.o
                                         0x80 (size before relaxing)
 .comment       0x000000000000007f       0x80 _build/nrf52832_xxaa_app_timer.c.o
 .comment       0x000000000000007f       0x80 _build/nrf52832_xxaa_nrf_drv_clock.c.o
 .comment       0x000000000000007f       0x80 _build/nrf52832_xxaa_nrf_drv_uart.c.o
 .comment       0x000000000000007f       0x80 _build/nrf52832_xxaa_main.c.o
 .comment       0x000000000000007f       0x80 _build/nrf52832_xxaa_system_nrf52.c.o

.debug_frame    0x0000000000000000      0x63c
 .debug_frame   0x0000000000000000       0x28 /opt/gcc/gcc-arm-none-eabi-6-2017/bin/../lib/gcc/arm-none-eabi/6.3.1/../../../../arm-none-eabi/lib/thumb/v7e-m/fpv4-sp/hard/libc_nano.a(lib_a-exit.o)
 .debug_frame   0x0000000000000028       0x2c /opt/gcc/gcc-arm-none-eabi-6-2017/bin/../lib/gcc/arm-none-eabi/6.3.1/../../../../arm-none-eabi/lib/thumb/v7e-m/fpv4-sp/hard/libc_nano.a(lib_a-init.o)
 .debug_frame   0x0000000000000054       0x20 /opt/gcc/gcc-arm-none-eabi-6-2017/bin/../lib/gcc/arm-none-eabi/6.3.1/../../../../arm-none-eabi/lib/thumb/v7e-m/fpv4-sp/hard/libc_nano.a(lib_a-memset.o)
 .debug_frame   0x0000000000000074       0x20 /opt/gcc/gcc-arm-none-eabi-6-2017/bin/../lib/gcc/arm-none-eabi/6.3.1/../../../../arm-none-eabi/lib/thumb/v7e-m/fpv4-sp/hard/libnosys.a(_exit.o)
 .debug_frame   0x0000000000000094      0x104 _build/nrf52832_xxaa_boards.c.o
 .debug_frame   0x0000000000000198      0x12c _build/nrf52832_xxaa_app_timer.c.o
 .debug_frame   0x00000000000002c4      0x140 _build/nrf52832_xxaa_nrf_drv_clock.c.o
 .debug_frame   0x0000000000000404      0x1c0 _build/nrf52832_xxaa_nrf_drv_uart.c.o
 .debug_frame   0x00000000000005c4       0x30 _build/nrf52832_xxaa_main.c.o
 .debug_frame   0x00000000000005f4       0x48 _build/nrf52832_xxaa_system_nrf52.c.o

.debug_info     0x0000000000000000     0xb3b4
 .debug_info    0x0000000000000000     0x1407 _build/nrf52832_xxaa_boards.c.o
 .debug_info    0x0000000000001407     0x22cb _build/nrf52832_xxaa_app_timer.c.o
 .debug_info    0x00000000000036d2     0x1957 _build/nrf52832_xxaa_nrf_drv_clock.c.o
 .debug_info    0x0000000000005029     0x4bcc _build/nrf52832_xxaa_nrf_drv_uart.c.o
 .debug_info    0x0000000000009bf5      0x9cd _build/nrf52832_xxaa_main.c.o
 .debug_info    0x000000000000a5c2      0xdf2 _build/nrf52832_xxaa_system_nrf52.c.o

.debug_abbrev   0x0000000000000000     0x156d
 .debug_abbrev  0x0000000000000000      0x382 _build/nrf52832_xxaa_boards.c.o
 .debug_abbrev  0x0000000000000382      0x46c _build/nrf52832_xxaa_app_timer.c.o
 .debug_abbrev  0x00000000000007ee      0x4be _build/nrf52832_xxaa_nrf_drv_clock.c.o
 .debug_abbrev  0x0000000000000cac      0x45b _build/nrf52832_xxaa_nrf_drv_uart.c.o
 .debug_abbrev  0x0000000000001107      0x284 _build/nrf52832_xxaa_main.c.o
 .debug_abbrev  0x000000000000138b      0x1e2 _build/nrf52832_xxaa_system_nrf52.c.o

.debug_loc      0x0000000000000000     0x42bb
 .debug_loc     0x0000000000000000      0x845 _build/nrf52832_xxaa_boards.c.o
 .debug_loc     0x0000000000000845      0xd47 _build/nrf52832_xxaa_app_timer.c.o
 .debug_loc     0x000000000000158c      0x406 _build/nrf52832_xxaa_nrf_drv_clock.c.o
 .debug_loc     0x0000000000001992     0x28dc _build/nrf52832_xxaa_nrf_drv_uart.c.o
 .debug_loc     0x000000000000426e       0x4d _build/nrf52832_xxaa_main.c.o

.debug_aranges  0x0000000000000000      0x230
 .debug_aranges
                0x0000000000000000       0x80 _build/nrf52832_xxaa_boards.c.o
 .debug_aranges
                0x0000000000000080       0x70 _build/nrf52832_xxaa_app_timer.c.o
 .debug_aranges
                0x00000000000000f0       0x80 _build/nrf52832_xxaa_nrf_drv_clock.c.o
 .debug_aranges
                0x0000000000000170       0x78 _build/nrf52832_xxaa_nrf_drv_uart.c.o
 .debug_aranges
                0x00000000000001e8       0x20 _build/nrf52832_xxaa_main.c.o
 .debug_aranges
                0x0000000000000208       0x28 _build/nrf52832_xxaa_system_nrf52.c.o

.debug_ranges   0x0000000000000000     0x1220
 .debug_ranges  0x0000000000000000      0x178 _build/nrf52832_xxaa_boards.c.o
 .debug_ranges  0x0000000000000178      0x460 _build/nrf52832_xxaa_app_timer.c.o
 .debug_ranges  0x00000000000005d8      0x2b8 _build/nrf52832_xxaa_nrf_drv_clock.c.o
 .debug_ranges  0x0000000000000890      0x838 _build/nrf52832_xxaa_nrf_drv_uart.c.o
 .debug_ranges  0x00000000000010c8       0x28 _build/nrf52832_xxaa_main.c.o
 .debug_ranges  0x00000000000010f0      0x130 _build/nrf52832_xxaa_system_nrf52.c.o

.debug_macro    0x0000000000000000     0x1bb9
 .debug_macro   0x0000000000000000      0x29d _build/nrf52832_xxaa_boards.c.o
 .debug_macro   0x000000000000029d       0x35 _build/nrf52832_xxaa_boards.c.o
 .debug_macro   0x00000000000002d2       0x22 _build/nrf52832_xxaa_boards.c.o
 .debug_macro   0x00000000000002f4      0x2a4 _build/nrf52832_xxaa_boards.c.o
 .debug_macro   0x0000000000000598       0x16 _build/nrf52832_xxaa_boards.c.o
 .debug_macro   0x00000000000005ae       0x97 _build/nrf52832_xxaa_boards.c.o
 .debug_macro   0x0000000000000645       0xf6 _build/nrf52832_xxaa_boards.c.o
 .debug_macro   0x000000000000073b       0x10 _build/nrf52832_xxaa_boards.c.o
 .debug_macro   0x000000000000074b       0x10 _build/nrf52832_xxaa_boards.c.o
 .debug_macro   0x000000000000075b       0xb6 _build/nrf52832_xxaa_boards.c.o
 .debug_macro   0x0000000000000811       0x16 _build/nrf52832_xxaa_boards.c.o
 .debug_macro   0x0000000000000827      0x145 _build/nrf52832_xxaa_boards.c.o
 .debug_macro   0x000000000000096c       0x2b _build/nrf52832_xxaa_boards.c.o
 .debug_macro   0x0000000000000997       0x10 _build/nrf52832_xxaa_boards.c.o
 .debug_macro   0x00000000000009a7       0x16 _build/nrf52832_xxaa_boards.c.o
 .debug_macro   0x00000000000009bd       0x22 _build/nrf52832_xxaa_boards.c.o
 .debug_macro   0x00000000000009df       0x16 _build/nrf52832_xxaa_boards.c.o
 .debug_macro   0x00000000000009f5      0x261 _build/nrf52832_xxaa_boards.c.o
 .debug_macro   0x0000000000000c56      0x115 _build/nrf52832_xxaa_boards.c.o
 .debug_macro   0x0000000000000d6b      0x313 _build/nrf52832_xxaa_app_timer.c.o
 .debug_macro   0x000000000000107e       0x28 _build/nrf52832_xxaa_app_timer.c.o
 .debug_macro   0x00000000000010a6       0x16 _build/nrf52832_xxaa_app_timer.c.o
 .debug_macro   0x00000000000010bc      0x32d _build/nrf52832_xxaa_nrf_drv_clock.c.o
 .debug_macro   0x00000000000013e9       0x10 _build/nrf52832_xxaa_nrf_drv_clock.c.o
 .debug_macro   0x00000000000013f9       0x28 _build/nrf52832_xxaa_nrf_drv_clock.c.o
 .debug_macro   0x0000000000001421       0x1c _build/nrf52832_xxaa_nrf_drv_clock.c.o
 .debug_macro   0x000000000000143d      0x37e _build/nrf52832_xxaa_nrf_drv_uart.c.o
 .debug_macro   0x00000000000017bb       0x10 _build/nrf52832_xxaa_nrf_drv_uart.c.o
 .debug_macro   0x00000000000017cb       0x43 _build/nrf52832_xxaa_nrf_drv_uart.c.o
 .debug_macro   0x000000000000180e      0x2a6 _build/nrf52832_xxaa_main.c.o
 .debug_macro   0x0000000000001ab4       0x10 _build/nrf52832_xxaa_main.c.o
 .debug_macro   0x0000000000001ac4       0xf5 _build/nrf52832_xxaa_system_nrf52.c.o

.debug_line     0x0000000000000000     0x3553
 .debug_line    0x0000000000000000      0x6e4 _build/nrf52832_xxaa_boards.c.o
 .debug_line    0x00000000000006e4      0xa27 _build/nrf52832_xxaa_app_timer.c.o
 .debug_line    0x000000000000110b      0x903 _build/nrf52832_xxaa_nrf_drv_clock.c.o
 .debug_line    0x0000000000001a0e     0x1153 _build/nrf52832_xxaa_nrf_drv_uart.c.o
 .debug_line    0x0000000000002b61      0x5c5 _build/nrf52832_xxaa_main.c.o
 .debug_line    0x0000000000003126      0x42d _build/nrf52832_xxaa_system_nrf52.c.o

.debug_str      0x0000000000000000    0x6ac35
 .debug_str     0x0000000000000000    0x61898 _build/nrf52832_xxaa_boards.c.o
                                      0x62492 (size before relaxing)
 .debug_str     0x0000000000061898     0x5478 _build/nrf52832_xxaa_app_timer.c.o
                                      0x65ff5 (size before relaxing)
 .debug_str     0x0000000000066d10     0x237f _build/nrf52832_xxaa_nrf_drv_clock.c.o
                                      0x677c7 (size before relaxing)
 .debug_str     0x000000000006908f     0x18d5 _build/nrf52832_xxaa_nrf_drv_uart.c.o
                                      0x691e0 (size before relaxing)
 .debug_str     0x000000000006a964       0x2f _build/nrf52832_xxaa_main.c.o
                                      0x61fe1 (size before relaxing)
 .debug_str     0x000000000006a993      0x2a2 _build/nrf52832_xxaa_system_nrf52.c.o
                                      0x5bb41 (size before relaxing)
